0 verbose cli C:\Program Files\nodejs\node.exe C:\Program Files\nodejs\node_modules\npm\bin\npm-cli.js
1 info using npm@11.8.0
2 info using node@v24.13.1
3 silly config load:file:C:\Program Files\nodejs\node_modules\npm\npmrc
4 silly config load:file:C:\Users\Abdurahmon\learning-management\.npmrc
5 silly config load:file:C:\Users\Abdurahmon\.npmrc
6 silly config load:file:C:\Users\Abdurahmon\AppData\Roaming\npm\etc\npmrc
7 verbose title npm install lamejs
8 verbose argv "install" "lamejs" "--cache" ".npm-cache"
9 verbose logfile logs-max:10 dir:C:\Users\Abdurahmon\learning-management\.npm-cache\_logs\2026-04-18T10_38_36_679Z-
10 verbose logfile C:\Users\Abdurahmon\learning-management\.npm-cache\_logs\2026-04-18T10_38_36_679Z-debug-0.log
11 silly logfile done cleaning log files
12 silly packumentCache heap:2348810240 maxSize:587202560 maxEntrySize:293601280
13 silly idealTree buildDeps
14 silly fetch manifest lamejs@*
15 silly packumentCache full:https://registry.npmjs.org/lamejs cache-miss
16 http fetch GET 200 https://registry.npmjs.org/lamejs 867ms (cache miss)
17 silly packumentCache full:https://registry.npmjs.org/lamejs set size:undefined disposed:false
18 silly placeDep ROOT lamejs@1.2.1 OK for: englishlabs@0.1.0 want: *
19 silly fetch manifest use-strict@1.0.1
20 silly packumentCache full:https://registry.npmjs.org/use-strict cache-miss
21 http fetch GET 200 https://registry.npmjs.org/use-strict 273ms (cache miss)
22 silly packumentCache full:https://registry.npmjs.org/use-strict set size:undefined disposed:false
23 silly placeDep ROOT use-strict@1.0.1 OK for: lamejs@1.2.1 want: 1.0.1
24 silly fetch manifest @swc/helpers@>=0.5.17
25 silly packumentCache full:https://registry.npmjs.org/@swc%2fhelpers cache-miss
26 http fetch GET 200 https://registry.npmjs.org/@swc%2fhelpers 154ms (cache miss)
27 silly packumentCache full:https://registry.npmjs.org/@swc%2fhelpers set size:undefined disposed:false
28 silly placeDep node_modules/next-intl @swc/helpers@0.5.21 OK for: @swc/core@1.15.18 want: >=0.5.17
29 silly reify moves {}
30 silly audit bulk request {
30 silly audit   '@alloc/quick-lru': [ '5.2.0' ],
30 silly audit   '@antfu/ni': [ '25.0.0' ],
30 silly audit   '@babel/code-frame': [ '7.29.0' ],
30 silly audit   '@babel/compat-data': [ '7.29.0' ],
30 silly audit   '@babel/core': [ '7.29.0' ],
30 silly audit   '@babel/generator': [ '7.29.1' ],
30 silly audit   '@babel/helper-annotate-as-pure': [ '7.27.3' ],
30 silly audit   '@babel/helper-compilation-targets': [ '7.28.6' ],
30 silly audit   '@babel/helper-create-class-features-plugin': [ '7.28.6' ],
30 silly audit   '@babel/helper-globals': [ '7.28.0' ],
30 silly audit   '@babel/helper-member-expression-to-functions': [ '7.28.5' ],
30 silly audit   '@babel/helper-module-imports': [ '7.28.6' ],
30 silly audit   '@babel/helper-module-transforms': [ '7.28.6' ],
30 silly audit   '@babel/helper-optimise-call-expression': [ '7.27.1' ],
30 silly audit   '@babel/helper-plugin-utils': [ '7.28.6' ],
30 silly audit   '@babel/helper-replace-supers': [ '7.28.6' ],
30 silly audit   '@babel/helper-skip-transparent-expression-wrappers': [ '7.27.1' ],
30 silly audit   '@babel/helper-string-parser': [ '7.27.1' ],
30 silly audit   '@babel/helper-validator-identifier': [ '7.28.5' ],
30 silly audit   '@babel/helper-validator-option': [ '7.27.1' ],
30 silly audit   '@babel/helpers': [ '7.28.6' ],
30 silly audit   '@babel/parser': [ '7.29.0' ],
30 silly audit   '@babel/plugin-syntax-jsx': [ '7.28.6' ],
30 silly audit   '@babel/plugin-syntax-typescript': [ '7.28.6' ],
30 silly audit   '@babel/plugin-transform-modules-commonjs': [ '7.28.6' ],
30 silly audit   '@babel/plugin-transform-typescript': [ '7.28.6' ],
30 silly audit   '@babel/preset-typescript': [ '7.28.5' ],
30 silly audit   '@babel/template': [ '7.28.6' ],
30 silly audit   '@babel/traverse': [ '7.29.0' ],
30 silly audit   '@babel/types': [ '7.29.0' ],
30 silly audit   '@dotenvx/dotenvx': [ '1.52.0' ],
30 silly audit   commander: [ '11.1.0', '14.0.3' ],
30 silly audit   execa: [ '5.1.1', '9.6.1' ],
30 silly audit   fdir: [ '6.5.0' ],
30 silly audit   'get-stream': [ '6.0.1', '9.0.1' ],
30 silly audit   'human-signals': [ '2.1.0', '8.0.1' ],
30 silly audit   'is-stream': [ '2.0.1', '4.0.1' ],
30 silly audit   isexe: [ '3.1.5', '2.0.0' ],
30 silly audit   'npm-run-path': [ '4.0.1', '6.0.0' ],
30 silly audit   onetime: [ '5.1.2', '7.0.0' ],
30 silly audit   picomatch: [ '4.0.3', '2.3.1' ],
30 silly audit   'signal-exit': [ '3.0.7', '4.1.0' ],
30 silly audit   'strip-final-newline': [ '2.0.0', '4.0.0' ],
30 silly audit   which: [ '4.0.0', '2.0.2' ],
30 silly audit   '@ecies/ciphers': [ '0.2.5' ],
30 silly audit   '@emnapi/core': [ '1.8.1' ],
30 silly audit   '@emnapi/runtime': [ '1.8.1' ],
30 silly audit   '@emnapi/wasi-threads': [ '1.1.0' ],
30 silly audit   '@eslint-community/eslint-utils': [ '4.9.1' ],
30 silly audit   'eslint-visitor-keys': [ '3.4.3', '5.0.1', '4.2.1' ],
30 silly audit   '@eslint-community/regexpp': [ '4.12.2' ],
30 silly audit   '@eslint/config-array': [ '0.21.1' ],
30 silly audit   '@eslint/config-helpers': [ '0.4.2' ],
30 silly audit   '@eslint/core': [ '0.17.0' ],
30 silly audit   '@eslint/eslintrc': [ '3.3.4' ],
30 silly audit   '@eslint/js': [ '9.39.3' ],
30 silly audit   '@eslint/object-schema': [ '2.1.7' ],
30 silly audit   '@eslint/plugin-kit': [ '0.4.1' ],
30 silly audit   '@floating-ui/core': [ '1.7.4' ],
30 silly audit   '@floating-ui/dom': [ '1.7.5' ],
30 silly audit   '@floating-ui/react-dom': [ '2.1.7' ],
30 silly audit   '@floating-ui/utils': [ '0.2.10' ],
30 silly audit   '@formatjs/ecma402-abstract': [ '3.1.1' ],
30 silly audit   '@formatjs/fast-memoize': [ '3.1.0' ],
30 silly audit   '@formatjs/icu-messageformat-parser': [ '3.5.1' ],
30 silly audit   '@formatjs/icu-skeleton-parser': [ '2.1.1' ],
30 silly audit   '@formatjs/intl-localematcher': [ '0.8.1' ],
30 silly audit   '@hono/node-server': [ '1.19.9' ],
30 silly audit   '@humanfs/core': [ '0.19.1' ],
30 silly audit   '@humanfs/node': [ '0.16.7' ],
30 silly audit   '@humanwhocodes/module-importer': [ '1.0.1' ],
30 silly audit   '@humanwhocodes/retry': [ '0.4.3' ],
30 silly audit   '@img/colour': [ '1.1.0' ],
30 silly audit   '@img/sharp-darwin-arm64': [ '0.34.5' ],
30 silly audit   '@img/sharp-darwin-x64': [ '0.34.5' ],
30 silly audit   '@img/sharp-libvips-darwin-arm64': [ '1.2.4' ],
30 silly audit   '@img/sharp-libvips-darwin-x64': [ '1.2.4' ],
30 silly audit   '@img/sharp-libvips-linux-arm': [ '1.2.4' ],
30 silly audit   '@img/sharp-libvips-linux-arm64': [ '1.2.4' ],
30 silly audit   '@img/sharp-libvips-linux-ppc64': [ '1.2.4' ],
30 silly audit   '@img/sharp-libvips-linux-riscv64': [ '1.2.4' ],
30 silly audit   '@img/sharp-libvips-linux-s390x': [ '1.2.4' ],
30 silly audit   '@img/sharp-libvips-linux-x64': [ '1.2.4' ],
30 silly audit   '@img/sharp-libvips-linuxmusl-arm64': [ '1.2.4' ],
30 silly audit   '@img/sharp-libvips-linuxmusl-x64': [ '1.2.4' ],
30 silly audit   '@img/sharp-linux-arm': [ '0.34.5' ],
30 silly audit   '@img/sharp-linux-arm64': [ '0.34.5' ],
30 silly audit   '@img/sharp-linux-ppc64': [ '0.34.5' ],
30 silly audit   '@img/sharp-linux-riscv64': [ '0.34.5' ],
30 silly audit   '@img/sharp-linux-s390x': [ '0.34.5' ],
30 silly audit   '@img/sharp-linux-x64': [ '0.34.5' ],
30 silly audit   '@img/sharp-linuxmusl-arm64': [ '0.34.5' ],
30 silly audit   '@img/sharp-linuxmusl-x64': [ '0.34.5' ],
30 silly audit   '@img/sharp-wasm32': [ '0.34.5' ],
30 silly audit   '@img/sharp-win32-arm64': [ '0.34.5' ],
30 silly audit   '@img/sharp-win32-ia32': [ '0.34.5' ],
30 silly audit   '@img/sharp-win32-x64': [ '0.34.5' ],
30 silly audit   '@inquirer/ansi': [ '1.0.2' ],
30 silly audit   '@inquirer/confirm': [ '5.1.21' ],
30 silly audit   '@inquirer/core': [ '10.3.2' ],
30 silly audit   '@inquirer/figures': [ '1.0.15' ],
30 silly audit   '@inquirer/type': [ '3.0.10' ],
30 silly audit   '@jridgewell/gen-mapping': [ '0.3.13' ],
30 silly audit   '@jridgewell/remapping': [ '2.3.5' ],
30 silly audit   '@jridgewell/resolve-uri': [ '3.1.2' ],
30 silly audit   '@jridgewell/sourcemap-codec': [ '1.5.5' ],
30 silly audit   '@jridgewell/trace-mapping': [ '0.3.31' ],
30 silly audit   '@modelcontextprotocol/sdk': [ '1.27.1' ],
30 silly audit   ajv: [ '8.18.0', '6.14.0' ],
30 silly audit   'json-schema-traverse': [ '1.0.0', '0.4.1' ],
30 silly audit   '@mswjs/interceptors': [ '0.41.3' ],
30 silly audit   '@napi-rs/wasm-runtime': [ '0.2.12' ],
30 silly audit   '@next/env': [ '16.1.6' ],
30 silly audit   '@next/eslint-plugin-next': [ '16.1.6' ],
30 silly audit   '@next/swc-darwin-arm64': [ '16.1.6' ],
30 silly audit   '@next/swc-darwin-x64': [ '16.1.6' ],
30 silly audit   '@next/swc-linux-arm64-gnu': [ '16.1.6' ],
30 silly audit   '@next/swc-linux-arm64-musl': [ '16.1.6' ],
30 silly audit   '@next/swc-linux-x64-gnu': [ '16.1.6' ],
30 silly audit   '@next/swc-linux-x64-musl': [ '16.1.6' ],
30 silly audit   '@next/swc-win32-arm64-msvc': [ '16.1.6' ],
30 silly audit   '@next/swc-win32-x64-msvc': [ '16.1.6' ],
30 silly audit   '@noble/ciphers': [ '1.3.0' ],
30 silly audit   '@noble/curves': [ '1.9.7' ],
30 silly audit   '@noble/hashes': [ '1.8.0' ],
30 silly audit   '@nodelib/fs.scandir': [ '2.1.5' ],
30 silly audit   '@nodelib/fs.stat': [ '2.0.5' ],
30 silly audit   '@nodelib/fs.walk': [ '1.2.8' ],
30 silly audit   '@nolyfill/is-core-module': [ '1.0.39' ],
30 silly audit   '@open-draft/deferred-promise': [ '2.2.0' ],
30 silly audit   '@open-draft/logger': [ '0.3.0' ],
30 silly audit   '@open-draft/until': [ '2.1.0' ],
30 silly audit   '@parcel/watcher': [ '2.5.6' ],
30 silly audit   '@parcel/watcher-android-arm64': [ '2.5.6' ],
30 silly audit   '@parcel/watcher-darwin-arm64': [ '2.5.6' ],
30 silly audit   '@parcel/watcher-darwin-x64': [ '2.5.6' ],
30 silly audit   '@parcel/watcher-freebsd-x64': [ '2.5.6' ],
30 silly audit   '@parcel/watcher-linux-arm-glibc': [ '2.5.6' ],
30 silly audit   '@parcel/watcher-linux-arm-musl': [ '2.5.6' ],
30 silly audit   '@parcel/watcher-linux-arm64-glibc': [ '2.5.6' ],
30 silly audit   '@parcel/watcher-linux-arm64-musl': [ '2.5.6' ],
30 silly audit   '@parcel/watcher-linux-x64-glibc': [ '2.5.6' ],
30 silly audit   '@parcel/watcher-linux-x64-musl': [ '2.5.6' ],
30 silly audit   '@parcel/watcher-win32-arm64': [ '2.5.6' ],
30 silly audit   '@parcel/watcher-win32-ia32': [ '2.5.6' ],
30 silly audit   '@parcel/watcher-win32-x64': [ '2.5.6' ],
30 silly audit   '@radix-ui/number': [ '1.1.1' ],
30 silly audit   '@radix-ui/primitive': [ '1.1.3' ],
30 silly audit   '@radix-ui/react-accessible-icon': [ '1.1.7' ],
30 silly audit   '@radix-ui/react-accordion': [ '1.2.12' ],
30 silly audit   '@radix-ui/react-alert-dialog': [ '1.1.15' ],
30 silly audit   '@radix-ui/react-arrow': [ '1.1.7' ],
30 silly audit   '@radix-ui/react-aspect-ratio': [ '1.1.7' ],
30 silly audit   '@radix-ui/react-avatar': [ '1.1.10' ],
30 silly audit   '@radix-ui/react-checkbox': [ '1.3.3' ],
30 silly audit   '@radix-ui/react-collapsible': [ '1.1.12' ],
30 silly audit   '@radix-ui/react-collection': [ '1.1.7' ],
30 silly audit   '@radix-ui/react-compose-refs': [ '1.1.2' ],
30 silly audit   '@radix-ui/react-context': [ '1.1.2' ],
30 silly audit   '@radix-ui/react-context-menu': [ '2.2.16' ],
30 silly audit   '@radix-ui/react-dialog': [ '1.1.15' ],
30 silly audit   '@radix-ui/react-direction': [ '1.1.1' ],
30 silly audit   '@radix-ui/react-dismissable-layer': [ '1.1.11' ],
30 silly audit   '@radix-ui/react-dropdown-menu': [ '2.1.16' ],
30 silly audit   '@radix-ui/react-focus-guards': [ '1.1.3' ],
30 silly audit   '@radix-ui/react-focus-scope': [ '1.1.7' ],
30 silly audit   '@radix-ui/react-form': [ '0.1.8' ],
30 silly audit   '@radix-ui/react-hover-card': [ '1.1.15' ],
30 silly audit   '@radix-ui/react-id': [ '1.1.1' ],
30 silly audit   '@radix-ui/react-label': [ '2.1.7' ],
30 silly audit   '@radix-ui/react-menu': [ '2.1.16' ],
30 silly audit   '@radix-ui/react-menubar': [ '1.1.16' ],
30 silly audit   '@radix-ui/react-navigation-menu': [ '1.2.14' ],
30 silly audit   '@radix-ui/react-one-time-password-field': [ '0.1.8' ],
30 silly audit   '@radix-ui/react-password-toggle-field': [ '0.1.3' ],
30 silly audit   '@radix-ui/react-popover': [ '1.1.15' ],
30 silly audit   '@radix-ui/react-popper': [ '1.2.8' ],
30 silly audit   '@radix-ui/react-portal': [ '1.1.9' ],
30 silly audit   '@radix-ui/react-presence': [ '1.1.5' ],
30 silly audit   '@radix-ui/react-primitive': [ '2.1.3' ],
30 silly audit   '@radix-ui/react-progress': [ '1.1.7' ],
30 silly audit   '@radix-ui/react-radio-group': [ '1.3.8' ],
30 silly audit   '@radix-ui/react-roving-focus': [ '1.1.11' ],
30 silly audit   '@radix-ui/react-scroll-area': [ '1.2.10' ],
30 silly audit   '@radix-ui/react-select': [ '2.2.6' ],
30 silly audit   '@radix-ui/react-separator': [ '1.1.7' ],
30 silly audit   '@radix-ui/react-slider': [ '1.3.6' ],
30 silly audit   '@radix-ui/react-slot': [ '1.2.3' ],
30 silly audit   '@radix-ui/react-switch': [ '1.2.6' ],
30 silly audit   '@radix-ui/react-tabs': [ '1.1.13' ],
30 silly audit   '@radix-ui/react-toast': [ '1.2.15' ],
30 silly audit   '@radix-ui/react-toggle': [ '1.1.10' ],
30 silly audit   '@radix-ui/react-toggle-group': [ '1.1.11' ],
30 silly audit   '@radix-ui/react-toolbar': [ '1.1.11' ],
30 silly audit   '@radix-ui/react-tooltip': [ '1.2.8' ],
30 silly audit   '@radix-ui/react-use-callback-ref': [ '1.1.1' ],
30 silly audit   '@radix-ui/react-use-controllable-state': [ '1.2.2' ],
30 silly audit   '@radix-ui/react-use-effect-event': [ '0.0.2' ],
30 silly audit   '@radix-ui/react-use-escape-keydown': [ '1.1.1' ],
30 silly audit   '@radix-ui/react-use-is-hydrated': [ '0.1.0' ],
30 silly audit   '@radix-ui/react-use-layout-effect': [ '1.1.1' ],
30 silly audit   '@radix-ui/react-use-previous': [ '1.1.1' ],
30 silly audit   '@radix-ui/react-use-rect': [ '1.1.1' ],
30 silly audit   '@radix-ui/react-use-size': [ '1.1.1' ],
30 silly audit   '@radix-ui/react-visually-hidden': [ '1.2.3' ],
30 silly audit   '@radix-ui/rect': [ '1.1.1' ],
30 silly audit   '@reduxjs/toolkit': [ '2.11.2' ],
30 silly audit   immer: [ '11.1.4', '10.2.0' ],
30 silly audit   '@rtsao/scc': [ '1.1.0' ],
30 silly audit   '@schummar/icu-type-parser': [ '1.21.5' ],
30 silly audit   '@sec-ant/readable-stream': [ '0.4.1' ],
30 silly audit   '@sindresorhus/merge-streams': [ '4.0.0' ],
30 silly audit   '@standard-schema/spec': [ '1.1.0' ],
30 silly audit   '@standard-schema/utils': [ '0.3.0' ],
30 silly audit   '@swc/core-darwin-arm64': [ '1.15.18' ],
30 silly audit   '@swc/core-darwin-x64': [ '1.15.18' ],
30 silly audit   '@swc/core-linux-arm-gnueabihf': [ '1.15.18' ],
30 silly audit   '@swc/core-linux-arm64-gnu': [ '1.15.18' ],
30 silly audit   '@swc/core-linux-arm64-musl': [ '1.15.18' ],
30 silly audit   '@swc/core-linux-x64-gnu': [ '1.15.18' ],
30 silly audit   '@swc/core-linux-x64-musl': [ '1.15.18' ],
30 silly audit   '@swc/core-win32-arm64-msvc': [ '1.15.18' ],
30 silly audit   '@swc/core-win32-ia32-msvc': [ '1.15.18' ],
30 silly audit   '@swc/core-win32-x64-msvc': [ '1.15.18' ],
30 silly audit   '@swc/counter': [ '0.1.3' ],
30 silly audit   '@swc/helpers': [ '0.5.15' ],
30 silly audit   '@swc/types': [ '0.1.25' ],
30 silly audit   '@tailwindcss/node': [ '4.2.1' ],
30 silly audit   '@tailwindcss/oxide': [ '4.2.1' ],
30 silly audit   '@tailwindcss/oxide-android-arm64': [ '4.2.1' ],
30 silly audit   '@tailwindcss/oxide-darwin-arm64': [ '4.2.1' ],
30 silly audit   '@tailwindcss/oxide-darwin-x64': [ '4.2.1' ],
30 silly audit   '@tailwindcss/oxide-freebsd-x64': [ '4.2.1' ],
30 silly audit   '@tailwindcss/oxide-linux-arm-gnueabihf': [ '4.2.1' ],
30 silly audit   '@tailwindcss/oxide-linux-arm64-gnu': [ '4.2.1' ],
30 silly audit   '@tailwindcss/oxide-linux-arm64-musl': [ '4.2.1' ],
30 silly audit   '@tailwindcss/oxide-linux-x64-gnu': [ '4.2.1' ],
30 silly audit   '@tailwindcss/oxide-linux-x64-musl': [ '4.2.1' ],
30 silly audit   '@tailwindcss/oxide-wasm32-wasi': [ '4.2.1' ],
30 silly audit   '@tailwindcss/oxide-win32-arm64-msvc': [ '4.2.1' ],
30 silly audit   '@tailwindcss/oxide-win32-x64-msvc': [ '4.2.1' ],
30 silly audit   '@tailwindcss/postcss': [ '4.2.1' ],
30 silly audit   '@ts-morph/common': [ '0.27.0' ],
30 silly audit   'balanced-match': [ '4.0.4', '1.0.2' ],
30 silly audit   'brace-expansion': [ '5.0.4', '1.1.12' ],
30 silly audit   'fast-glob': [ '3.3.3', '3.3.1' ],
30 silly audit   'glob-parent': [ '5.1.2', '6.0.2' ],
30 silly audit   minimatch: [ '10.2.4', '3.1.5' ],
30 silly audit   '@tybys/wasm-util': [ '0.10.1' ],
30 silly audit   '@types/d3-array': [ '3.2.2' ],
30 silly audit   '@types/d3-color': [ '3.1.3' ],
30 silly audit   '@types/d3-ease': [ '3.0.2' ],
30 silly audit   '@types/d3-interpolate': [ '3.0.4' ],
30 silly audit   '@types/d3-path': [ '3.1.1' ],
30 silly audit   '@types/d3-scale': [ '4.0.9' ],
30 silly audit   '@types/d3-shape': [ '3.1.8' ],
30 silly audit   '@types/d3-time': [ '3.0.4' ],
30 silly audit   '@types/d3-timer': [ '3.0.2' ],
30 silly audit   '@types/estree': [ '1.0.8' ],
30 silly audit   '@types/json-schema': [ '7.0.15' ],
30 silly audit   '@types/json5': [ '0.0.29' ],
30 silly audit   '@types/node': [ '20.19.35' ],
30 silly audit   '@types/react': [ '19.2.14' ],
30 silly audit   '@types/react-dom': [ '19.2.3' ],
30 silly audit   '@types/statuses': [ '2.0.6' ],
30 silly audit   '@types/use-sync-external-store': [ '0.0.6' ],
30 silly audit   '@types/validate-npm-package-name': [ '4.0.2' ],
30 silly audit   '@typescript-eslint/eslint-plugin': [ '8.56.1' ],
30 silly audit   ignore: [ '7.0.5', '5.3.2' ],
30 silly audit   '@typescript-eslint/parser': [ '8.56.1' ],
30 silly audit   '@typescript-eslint/project-service': [ '8.56.1' ],
30 silly audit   '@typescript-eslint/scope-manager': [ '8.56.1' ],
30 silly audit   '@typescript-eslint/tsconfig-utils': [ '8.56.1' ],
30 silly audit   '@typescript-eslint/type-utils': [ '8.56.1' ],
30 silly audit   '@typescript-eslint/types': [ '8.56.1' ],
30 silly audit   '@typescript-eslint/typescript-estree': [ '8.56.1' ],
30 silly audit   semver: [ '7.7.4', '6.3.1' ],
30 silly audit   '@typescript-eslint/utils': [ '8.56.1' ],
30 silly audit   '@typescript-eslint/visitor-keys': [ '8.56.1' ],
30 silly audit   '@unrs/resolver-binding-android-arm-eabi': [ '1.11.1' ],
30 silly audit   '@unrs/resolver-binding-android-arm64': [ '1.11.1' ],
30 silly audit   '@unrs/resolver-binding-darwin-arm64': [ '1.11.1' ],
30 silly audit   '@unrs/resolver-binding-darwin-x64': [ '1.11.1' ],
30 silly audit   '@unrs/resolver-binding-freebsd-x64': [ '1.11.1' ],
30 silly audit   '@unrs/resolver-binding-linux-arm-gnueabihf': [ '1.11.1' ],
30 silly audit   '@unrs/resolver-binding-linux-arm-musleabihf': [ '1.11.1' ],
30 silly audit   '@unrs/resolver-binding-linux-arm64-gnu': [ '1.11.1' ],
30 silly audit   '@unrs/resolver-binding-linux-arm64-musl': [ '1.11.1' ],
30 silly audit   '@unrs/resolver-binding-linux-ppc64-gnu': [ '1.11.1' ],
30 silly audit   '@unrs/resolver-binding-linux-riscv64-gnu': [ '1.11.1' ],
30 silly audit   '@unrs/resolver-binding-linux-riscv64-musl': [ '1.11.1' ],
30 silly audit   '@unrs/resolver-binding-linux-s390x-gnu': [ '1.11.1' ],
30 silly audit   '@unrs/resolver-binding-linux-x64-gnu': [ '1.11.1' ],
30 silly audit   '@unrs/resolver-binding-linux-x64-musl': [ '1.11.1' ],
30 silly audit   '@unrs/resolver-binding-wasm32-wasi': [ '1.11.1' ],
30 silly audit   '@unrs/resolver-binding-win32-arm64-msvc': [ '1.11.1' ],
30 silly audit   '@unrs/resolver-binding-win32-ia32-msvc': [ '1.11.1' ],
30 silly audit   '@unrs/resolver-binding-win32-x64-msvc': [ '1.11.1' ],
30 silly audit   accepts: [ '2.0.0' ],
30 silly audit   acorn: [ '8.16.0' ],
30 silly audit   'acorn-jsx': [ '5.3.2' ],
30 silly audit   'agent-base': [ '7.1.4' ],
30 silly audit   'ajv-formats': [ '3.0.1' ],
30 silly audit   'ansi-regex': [ '6.2.2', '5.0.1' ],
30 silly audit   'ansi-styles': [ '4.3.0' ],
30 silly audit   ansis: [ '4.2.0' ],
30 silly audit   argparse: [ '2.0.1' ],
30 silly audit   'aria-hidden': [ '1.2.6' ],
30 silly audit   'aria-query': [ '5.3.2' ],
30 silly audit   'array-buffer-byte-length': [ '1.0.2' ],
30 silly audit   'array-includes': [ '3.1.9' ],
30 silly audit   'array.prototype.findlast': [ '1.2.5' ],
30 silly audit   'array.prototype.findlastindex': [ '1.2.6' ],
30 silly audit   'array.prototype.flat': [ '1.3.3' ],
30 silly audit   'array.prototype.flatmap': [ '1.3.3' ],
30 silly audit   'array.prototype.tosorted': [ '1.1.4' ],
30 silly audit   'arraybuffer.prototype.slice': [ '1.0.4' ],
30 silly audit   'ast-types': [ '0.16.1' ],
30 silly audit   'ast-types-flow': [ '0.0.8' ],
30 silly audit   'async-function': [ '1.0.0' ],
30 silly audit   asynckit: [ '0.4.0' ],
30 silly audit   'available-typed-arrays': [ '1.0.7' ],
30 silly audit   'axe-core': [ '4.11.1' ],
30 silly audit   axios: [ '1.14.0' ],
30 silly audit   'axobject-query': [ '4.1.0' ],
30 silly audit   'baseline-browser-mapping': [ '2.10.0' ],
30 silly audit   'body-parser': [ '2.2.2' ],
30 silly audit   braces: [ '3.0.3' ],
30 silly audit   browserslist: [ '4.28.1' ],
30 silly audit   'bundle-name': [ '4.1.0' ],
30 silly audit   bytes: [ '3.1.2' ],
30 silly audit   'call-bind': [ '1.0.8' ],
30 silly audit   'call-bind-apply-helpers': [ '1.0.2' ],
30 silly audit   'call-bound': [ '1.0.4' ],
30 silly audit   callsites: [ '3.1.0' ],
30 silly audit   'caniuse-lite': [ '1.0.30001775' ],
30 silly audit   chalk: [ '4.1.2', '5.6.2' ],
30 silly audit   'class-variance-authority': [ '0.7.1' ],
30 silly audit   'cli-cursor': [ '5.0.0' ],
30 silly audit   'cli-spinners': [ '2.9.2' ],
30 silly audit   'cli-width': [ '4.1.0' ],
30 silly audit   'client-only': [ '0.0.1' ],
30 silly audit   cliui: [ '8.0.1' ],
30 silly audit   'emoji-regex': [ '8.0.0', '9.2.2', '10.6.0' ],
30 silly audit   'string-width': [ '4.2.3', '7.2.0' ],
30 silly audit   'strip-ansi': [ '6.0.1', '7.2.0' ],
30 silly audit   'wrap-ansi': [ '7.0.0', '6.2.0' ],
30 silly audit   clsx: [ '2.1.1' ],
30 silly audit   'code-block-writer': [ '13.0.3' ],
30 silly audit   'color-convert': [ '2.0.1' ],
30 silly audit   'color-name': [ '1.1.4' ],
30 silly audit   'combined-stream': [ '1.0.8' ],
30 silly audit   'concat-map': [ '0.0.1' ],
30 silly audit   'content-disposition': [ '1.0.1' ],
30 silly audit   'content-type': [ '1.0.5' ],
30 silly audit   'convert-source-map': [ '2.0.0' ],
30 silly audit   cookie: [ '0.7.2', '1.1.1' ],
30 silly audit   'cookie-signature': [ '1.2.2' ],
30 silly audit   cors: [ '2.8.6' ],
30 silly audit   cosmiconfig: [ '9.0.0' ],
30 silly audit   'cross-spawn': [ '7.0.6' ],
30 silly audit   cssesc: [ '3.0.0' ],
30 silly audit   csstype: [ '3.2.3' ],
30 silly audit   'd3-array': [ '3.2.4' ],
30 silly audit   'd3-color': [ '3.1.0' ],
30 silly audit   'd3-ease': [ '3.0.1' ],
30 silly audit   'd3-format': [ '3.1.2' ],
30 silly audit   'd3-interpolate': [ '3.0.1' ],
30 silly audit   'd3-path': [ '3.1.0' ],
30 silly audit   'd3-scale': [ '4.0.2' ],
30 silly audit   'd3-shape': [ '3.2.0' ],
30 silly audit   'd3-time': [ '3.1.0' ],
30 silly audit   'd3-time-format': [ '4.1.0' ],
30 silly audit   'd3-timer': [ '3.0.1' ],
30 silly audit   'damerau-levenshtein': [ '1.0.8' ],
30 silly audit   'data-uri-to-buffer': [ '4.0.1' ],
30 silly audit   'data-view-buffer': [ '1.0.2' ],
30 silly audit   'data-view-byte-length': [ '1.0.2' ],
30 silly audit   'data-view-byte-offset': [ '1.0.1' ],
30 silly audit   debug: [ '4.4.3', '3.2.7' ],
30 silly audit   'decimal.js': [ '10.6.0' ],
30 silly audit   'decimal.js-light': [ '2.5.1' ],
30 silly audit   dedent: [ '1.7.2' ],
30 silly audit   'deep-is': [ '0.1.4' ],
30 silly audit   deepmerge: [ '4.3.1' ],
30 silly audit   'default-browser': [ '5.5.0' ],
30 silly audit   'default-browser-id': [ '5.0.1' ],
30 silly audit   'define-data-property': [ '1.1.4' ],
30 silly audit   'define-lazy-prop': [ '3.0.0' ],
30 silly audit   'define-properties': [ '1.2.1' ],
30 silly audit   'delayed-stream': [ '1.0.0' ],
30 silly audit   depd: [ '2.0.0' ],
30 silly audit   'detect-libc': [ '2.1.2' ],
30 silly audit   'detect-node-es': [ '1.1.0' ],
30 silly audit   diff: [ '8.0.3' ],
30 silly audit   doctrine: [ '2.1.0' ],
30 silly audit   dotenv: [ '17.3.1' ],
30 silly audit   'dunder-proto': [ '1.0.1' ],
30 silly audit   eciesjs: [ '0.4.17' ],
30 silly audit   'ee-first': [ '1.1.1' ],
30 silly audit   'electron-to-chromium': [ '1.5.302' ],
30 silly audit   encodeurl: [ '2.0.0' ],
30 silly audit   'enhanced-resolve': [ '5.20.0' ],
30 silly audit   'env-paths': [ '2.2.1' ],
30 silly audit   'error-ex': [ '1.3.4' ],
30 silly audit   'es-abstract': [ '1.24.1' ],
30 silly audit   'es-define-property': [ '1.0.1' ],
30 silly audit   'es-errors': [ '1.3.0' ],
30 silly audit   'es-iterator-helpers': [ '1.2.2' ],
30 silly audit   'es-object-atoms': [ '1.1.1' ],
30 silly audit   'es-set-tostringtag': [ '2.1.0' ],
30 silly audit   'es-shim-unscopables': [ '1.1.0' ],
30 silly audit   'es-to-primitive': [ '1.3.0' ],
30 silly audit   'es-toolkit': [ '1.45.1' ],
30 silly audit   escalade: [ '3.2.0' ],
30 silly audit   'escape-html': [ '1.0.3' ],
30 silly audit   'escape-string-regexp': [ '4.0.0' ],
30 silly audit   eslint: [ '9.39.3' ],
30 silly audit   'eslint-config-next': [ '16.1.6' ],
30 silly audit   globals: [ '16.4.0', '14.0.0' ],
30 silly audit   'eslint-import-resolver-node': [ '0.3.9' ],
30 silly audit   'eslint-import-resolver-typescript': [ '3.10.1' ],
30 silly audit   'eslint-module-utils': [ '2.12.1' ],
30 silly audit   'eslint-plugin-import': [ '2.32.0' ],
30 silly audit   'eslint-plugin-jsx-a11y': [ '6.10.2' ],
30 silly audit   'eslint-plugin-react': [ '7.37.5' ],
30 silly audit   'eslint-plugin-react-hooks': [ '7.0.1' ],
30 silly audit   resolve: [ '2.0.0-next.6', '1.22.11' ],
30 silly audit   'eslint-scope': [ '8.4.0' ],
30 silly audit   espree: [ '10.4.0' ],
30 silly audit   esprima: [ '4.0.1' ],
30 silly audit   esquery: [ '1.7.0' ],
30 silly audit   esrecurse: [ '4.3.0' ],
30 silly audit   estraverse: [ '5.3.0' ],
30 silly audit   esutils: [ '2.0.3' ],
30 silly audit   etag: [ '1.8.1' ],
30 silly audit   eventemitter3: [ '5.0.4' ],
30 silly audit   eventsource: [ '3.0.7' ],
30 silly audit   'eventsource-parser': [ '3.0.6' ],
30 silly audit   express: [ '5.2.1' ],
30 silly audit   'express-rate-limit': [ '8.2.1' ],
30 silly audit   'fast-deep-equal': [ '3.1.3' ],
30 silly audit   'fast-json-stable-stringify': [ '2.1.0' ],
30 silly audit   'fast-levenshtein': [ '2.0.6' ],
30 silly audit   'fast-uri': [ '3.1.0' ],
30 silly audit   fastq: [ '1.20.1' ],
30 silly audit   'fetch-blob': [ '3.2.0' ],
30 silly audit   figures: [ '6.1.0' ],
30 silly audit   'file-entry-cache': [ '8.0.0' ],
30 silly audit   'fill-range': [ '7.1.1' ],
30 silly audit   finalhandler: [ '2.1.1' ],
30 silly audit   'find-up': [ '5.0.0' ],
30 silly audit   'flat-cache': [ '4.0.1' ],
30 silly audit   flatted: [ '3.3.4' ],
30 silly audit   'follow-redirects': [ '1.15.11' ],
30 silly audit   'for-each': [ '0.3.5' ],
30 silly audit   'form-data': [ '4.0.5' ],
30 silly audit   'mime-db': [ '1.52.0', '1.54.0' ],
30 silly audit   'mime-types': [ '2.1.35', '3.0.2' ],
30 silly audit   'formdata-polyfill': [ '4.0.10' ],
30 silly audit   forwarded: [ '0.2.0' ],
30 silly audit   fresh: [ '2.0.0' ],
30 silly audit   'fs-extra': [ '11.3.3' ],
30 silly audit   'function-bind': [ '1.1.2' ],
30 silly audit   'function.prototype.name': [ '1.1.8' ],
30 silly audit   'functions-have-names': [ '1.2.3' ],
30 silly audit   fuzzysort: [ '3.1.0' ],
30 silly audit   fzf: [ '0.5.2' ],
30 silly audit   'generator-function': [ '2.0.1' ],
30 silly audit   gensync: [ '1.0.0-beta.2' ],
30 silly audit   'get-caller-file': [ '2.0.5' ],
30 silly audit   'get-east-asian-width': [ '1.5.0' ],
30 silly audit   'get-intrinsic': [ '1.3.0' ],
30 silly audit   'get-nonce': [ '1.0.1' ],
30 silly audit   'get-own-enumerable-keys': [ '1.0.0' ],
30 silly audit   'get-proto': [ '1.0.1' ],
30 silly audit   'get-symbol-description': [ '1.1.0' ],
30 silly audit   'get-tsconfig': [ '4.13.6' ],
30 silly audit   globalthis: [ '1.0.4' ],
30 silly audit   gopd: [ '1.2.0' ],
30 silly audit   'graceful-fs': [ '4.2.11' ],
30 silly audit   graphql: [ '16.13.0' ],
30 silly audit   'has-bigints': [ '1.1.0' ],
30 silly audit   'has-flag': [ '4.0.0' ],
30 silly audit   'has-property-descriptors': [ '1.0.2' ],
30 silly audit   'has-proto': [ '1.2.0' ],
30 silly audit   'has-symbols': [ '1.1.0' ],
30 silly audit   'has-tostringtag': [ '1.0.2' ],
30 silly audit   hasown: [ '2.0.2' ],
30 silly audit   'headers-polyfill': [ '4.0.3' ],
30 silly audit   'hermes-estree': [ '0.25.1' ],
30 silly audit   'hermes-parser': [ '0.25.1' ],
30 silly audit   hono: [ '4.12.3' ],
30 silly audit   'http-errors': [ '2.0.1' ],
30 silly audit   'https-proxy-agent': [ '7.0.6' ],
30 silly audit   'iconv-lite': [ '0.7.2' ],
30 silly audit   'icu-minify': [ '4.8.3' ],
30 silly audit   'import-fresh': [ '3.3.1' ],
30 silly audit   imurmurhash: [ '0.1.4' ],
30 silly audit   inherits: [ '2.0.4' ],
30 silly audit   'internal-slot': [ '1.1.0' ],
30 silly audit   internmap: [ '2.0.3' ],
30 silly audit   'intl-messageformat': [ '11.1.2' ],
30 silly audit   'ip-address': [ '10.0.1' ],
30 silly audit   'ipaddr.js': [ '1.9.1' ],
30 silly audit   'is-array-buffer': [ '3.0.5' ],
30 silly audit   'is-arrayish': [ '0.2.1' ],
30 silly audit   'is-async-function': [ '2.1.1' ],
30 silly audit   'is-bigint': [ '1.1.0' ],
30 silly audit   'is-boolean-object': [ '1.2.2' ],
30 silly audit   'is-bun-module': [ '2.0.0' ],
30 silly audit   'is-callable': [ '1.2.7' ],
30 silly audit   'is-core-module': [ '2.16.1' ],
30 silly audit   'is-data-view': [ '1.0.2' ],
30 silly audit   'is-date-object': [ '1.1.0' ],
30 silly audit   'is-docker': [ '3.0.0' ],
30 silly audit   'is-extglob': [ '2.1.1' ],
30 silly audit   'is-finalizationregistry': [ '1.1.1' ],
30 silly audit   'is-fullwidth-code-point': [ '3.0.0' ],
30 silly audit   'is-generator-function': [ '1.1.2' ],
30 silly audit   'is-glob': [ '4.0.3' ],
30 silly audit   'is-in-ssh': [ '1.0.0' ],
30 silly audit   'is-inside-container': [ '1.0.0' ],
30 silly audit   'is-interactive': [ '2.0.0' ],
30 silly audit   'is-map': [ '2.0.3' ],
30 silly audit   'is-negative-zero': [ '2.0.3' ],
30 silly audit   'is-node-process': [ '1.2.0' ],
30 silly audit   'is-number': [ '7.0.0' ],
30 silly audit   'is-number-object': [ '1.1.1' ],
30 silly audit   'is-obj': [ '3.0.0' ],
30 silly audit   'is-plain-obj': [ '4.1.0' ],
30 silly audit   'is-promise': [ '4.0.0' ],
30 silly audit   'is-regex': [ '1.2.1' ],
30 silly audit   'is-regexp': [ '3.1.0' ],
30 silly audit   'is-set': [ '2.0.3' ],
30 silly audit   'is-shared-array-buffer': [ '1.0.4' ],
30 silly audit   'is-string': [ '1.1.1' ],
30 silly audit   'is-symbol': [ '1.1.1' ],
30 silly audit   'is-typed-array': [ '1.1.15' ],
30 silly audit   'is-unicode-supported': [ '2.1.0', '1.3.0' ],
30 silly audit   'is-weakmap': [ '2.0.2' ],
30 silly audit   'is-weakref': [ '1.1.1' ],
30 silly audit   'is-weakset': [ '2.0.4' ],
30 silly audit   'is-wsl': [ '3.1.1' ],
30 silly audit   isarray: [ '2.0.5' ],
30 silly audit   'iterator.prototype': [ '1.1.5' ],
30 silly audit   jiti: [ '2.6.1' ],
30 silly audit   jose: [ '6.1.3' ],
30 silly audit   'js-tokens': [ '4.0.0' ],
30 silly audit   'js-yaml': [ '4.1.1' ],
30 silly audit   jsesc: [ '3.1.0' ],
30 silly audit   'json-buffer': [ '3.0.1' ],
30 silly audit   'json-parse-even-better-errors': [ '2.3.1' ],
30 silly audit   'json-schema-typed': [ '8.0.2' ],
30 silly audit   'json-stable-stringify-without-jsonify': [ '1.0.1' ],
30 silly audit   json5: [ '2.2.3', '1.0.2' ],
30 silly audit   jsonfile: [ '6.2.0' ],
30 silly audit   'jsx-ast-utils': [ '3.3.5' ],
30 silly audit   keyv: [ '4.5.4' ],
30 silly audit   kleur: [ '4.1.5', '3.0.3' ],
30 silly audit   'language-subtag-registry': [ '0.3.23' ],
30 silly audit   'language-tags': [ '1.0.9' ],
30 silly audit   levn: [ '0.4.1' ],
30 silly audit   lightningcss: [ '1.31.1' ],
30 silly audit   'lightningcss-android-arm64': [ '1.31.1' ],
30 silly audit   'lightningcss-darwin-arm64': [ '1.31.1' ],
30 silly audit   'lightningcss-darwin-x64': [ '1.31.1' ],
30 silly audit   'lightningcss-freebsd-x64': [ '1.31.1' ],
30 silly audit   'lightningcss-linux-arm-gnueabihf': [ '1.31.1' ],
30 silly audit   'lightningcss-linux-arm64-gnu': [ '1.31.1' ],
30 silly audit   'lightningcss-linux-arm64-musl': [ '1.31.1' ],
30 silly audit   'lightningcss-linux-x64-gnu': [ '1.31.1' ],
30 silly audit   'lightningcss-linux-x64-musl': [ '1.31.1' ],
30 silly audit   'lightningcss-win32-arm64-msvc': [ '1.31.1' ],
30 silly audit   'lightningcss-win32-x64-msvc': [ '1.31.1' ],
30 silly audit   'lines-and-columns': [ '1.2.4' ],
30 silly audit   'locate-path': [ '6.0.0' ],
30 silly audit   'lodash.merge': [ '4.6.2' ],
30 silly audit   'log-symbols': [ '6.0.0' ],
30 silly audit   'loose-envify': [ '1.4.0' ],
30 silly audit   'lru-cache': [ '5.1.1' ],
30 silly audit   'lucide-react': [ '0.576.0' ],
30 silly audit   'magic-string': [ '0.30.21' ],
30 silly audit   'math-intrinsics': [ '1.1.0' ],
30 silly audit   'media-typer': [ '1.1.0' ],
30 silly audit   'merge-descriptors': [ '2.0.0' ],
30 silly audit   'merge-stream': [ '2.0.0' ],
30 silly audit   merge2: [ '1.4.1' ],
30 silly audit   micromatch: [ '4.0.8' ],
30 silly audit   'mimic-fn': [ '2.1.0' ],
30 silly audit   'mimic-function': [ '5.0.1' ],
30 silly audit   minimist: [ '1.2.8' ],
30 silly audit   ms: [ '2.1.3' ],
30 silly audit   msw: [ '2.12.10' ],
30 silly audit   'mute-stream': [ '2.0.0' ],
30 silly audit   nanoid: [ '3.3.11' ],
30 silly audit   'napi-postinstall': [ '0.3.4' ],
30 silly audit   'natural-compare': [ '1.4.0' ],
30 silly audit   negotiator: [ '1.0.0' ],
30 silly audit   next: [ '16.1.6' ],
30 silly audit   'next-intl': [ '4.8.3' ],
30 silly audit   'next-intl-swc-plugin-extractor': [ '4.8.3' ],
30 silly audit   '@swc/core': [ '1.15.18' ],
30 silly audit   'next-themes': [ '0.4.6' ],
30 silly audit   postcss: [ '8.4.31', '8.5.6' ],
30 silly audit   'node-addon-api': [ '7.1.1' ],
30 silly audit   'node-domexception': [ '1.0.0' ],
30 silly audit   'node-exports-info': [ '1.6.0' ],
30 silly audit   'node-fetch': [ '3.3.2' ],
30 silly audit   'node-releases': [ '2.0.27' ],
30 silly audit   'path-key': [ '4.0.0', '3.1.1' ],
30 silly audit   'object-assign': [ '4.1.1' ],
30 silly audit   'object-inspect': [ '1.13.4' ],
30 silly audit   'object-keys': [ '1.1.1' ],
30 silly audit   'object-treeify': [ '1.1.33' ],
30 silly audit   'object.assign': [ '4.1.7' ],
30 silly audit   'object.entries': [ '1.1.9' ],
30 silly audit   'object.fromentries': [ '2.0.8' ],
30 silly audit   'object.groupby': [ '1.0.3' ],
30 silly audit   'object.values': [ '1.2.1' ],
30 silly audit   'on-finished': [ '2.4.1' ],
30 silly audit   once: [ '1.4.0' ],
30 silly audit   open: [ '11.0.0' ],
30 silly audit   optionator: [ '0.9.4' ],
30 silly audit   ora: [ '8.2.0' ],
30 silly audit   outvariant: [ '1.4.3' ],
30 silly audit   'own-keys': [ '1.0.1' ],
30 silly audit   'p-limit': [ '3.1.0' ],
30 silly audit   'p-locate': [ '5.0.0' ],
30 silly audit   'package-manager-detector': [ '1.6.0' ],
30 silly audit   'parent-module': [ '1.0.1' ],
30 silly audit   'parse-json': [ '5.2.0' ],
30 silly audit   'parse-ms': [ '4.0.0' ],
30 silly audit   parseurl: [ '1.3.3' ],
30 silly audit   'path-browserify': [ '1.0.1' ],
30 silly audit   'path-exists': [ '4.0.0' ],
30 silly audit   'path-parse': [ '1.0.7' ],
30 silly audit   'path-to-regexp': [ '6.3.0', '8.3.0' ],
30 silly audit   picocolors: [ '1.1.1' ],
30 silly audit   'pkce-challenge': [ '5.0.1' ],
30 silly audit   'po-parser': [ '2.1.1' ],
30 silly audit   'possible-typed-array-names': [ '1.1.0' ],
30 silly audit   'postcss-selector-parser': [ '7.1.1' ],
30 silly audit   'powershell-utils': [ '0.1.0' ],
30 silly audit   'prelude-ls': [ '1.2.1' ],
30 silly audit   'pretty-ms': [ '9.3.0' ],
30 silly audit   prompts: [ '2.4.2' ],
30 silly audit   'prop-types': [ '15.8.1' ],
30 silly audit   'proxy-addr': [ '2.0.7' ],
30 silly audit   'proxy-from-env': [ '2.1.0' ],
30 silly audit   punycode: [ '2.3.1' ],
30 silly audit   qs: [ '6.15.0' ],
30 silly audit   'queue-microtask': [ '1.2.3' ],
30 silly audit   'radix-ui': [ '1.4.3' ],
30 silly audit   'range-parser': [ '1.2.1' ],
30 silly audit   'raw-body': [ '3.0.2' ],
30 silly audit   react: [ '19.2.3' ],
30 silly audit   'react-country-flag': [ '3.1.0' ],
30 silly audit   'react-dom': [ '19.2.3' ],
30 silly audit   'react-is': [ '16.13.1' ],
30 silly audit   'react-redux': [ '9.2.0' ],
30 silly audit   'react-remove-scroll': [ '2.7.2' ],
30 silly audit   'react-remove-scroll-bar': [ '2.3.8' ],
30 silly audit   'react-style-singleton': [ '2.2.3' ],
30 silly audit   recast: [ '0.23.11' ],
30 silly audit   recharts: [ '3.8.0' ],
30 silly audit   redux: [ '5.0.1' ],
30 silly audit   'redux-thunk': [ '3.1.0' ],
30 silly audit   'reflect.getprototypeof': [ '1.0.10' ],
30 silly audit   'regexp.prototype.flags': [ '1.5.4' ],
30 silly audit   'require-directory': [ '2.1.1' ],
30 silly audit   'require-from-string': [ '2.0.2' ],
30 silly audit   reselect: [ '5.1.1' ],
30 silly audit   'resolve-from': [ '4.0.0' ],
30 silly audit   'resolve-pkg-maps': [ '1.0.0' ],
30 silly audit   'restore-cursor': [ '5.1.0' ],
30 silly audit   rettime: [ '0.10.1' ],
30 silly audit   reusify: [ '1.1.0' ],
30 silly audit   router: [ '2.2.0' ],
30 silly audit   'run-applescript': [ '7.1.0' ],
30 silly audit   'run-parallel': [ '1.2.0' ],
30 silly audit   'safe-array-concat': [ '1.1.3' ],
30 silly audit   'safe-push-apply': [ '1.0.0' ],
30 silly audit   'safe-regex-test': [ '1.1.0' ],
30 silly audit   'safer-buffer': [ '2.1.2' ],
30 silly audit   scheduler: [ '0.27.0' ],
30 silly audit   send: [ '1.2.1' ],
30 silly audit   'serve-static': [ '2.2.1' ],
30 silly audit   'set-function-length': [ '1.2.2' ],
30 silly audit   'set-function-name': [ '2.0.2' ],
30 silly audit   'set-proto': [ '1.0.0' ],
30 silly audit   setprototypeof: [ '1.2.0' ],
30 silly audit   shadcn: [ '3.8.5' ],
30 silly audit   'tsconfig-paths': [ '4.2.0', '3.15.0' ],
30 silly audit   zod: [ '3.25.76', '4.3.6' ],
30 silly audit   sharp: [ '0.34.5' ],
30 silly audit   'shebang-command': [ '2.0.0' ],
30 silly audit   'shebang-regex': [ '3.0.0' ],
30 silly audit   'side-channel': [ '1.1.0' ],
30 silly audit   'side-channel-list': [ '1.0.0' ],
30 silly audit   'side-channel-map': [ '1.0.1' ],
30 silly audit   'side-channel-weakmap': [ '1.0.2' ],
30 silly audit   sisteransi: [ '1.0.5' ],
30 silly audit   'source-map': [ '0.6.1' ],
30 silly audit   'source-map-js': [ '1.2.1' ],
30 silly audit   'stable-hash': [ '0.0.5' ],
30 silly audit   statuses: [ '2.0.2' ],
30 silly audit   'stdin-discarder': [ '0.2.2' ],
30 silly audit   'stop-iteration-iterator': [ '1.1.0' ],
30 silly audit   'strict-event-emitter': [ '0.5.1' ],
30 silly audit   'string.prototype.includes': [ '2.0.1' ],
30 silly audit   'string.prototype.matchall': [ '4.0.12' ],
30 silly audit   'string.prototype.repeat': [ '1.0.0' ],
30 silly audit   'string.prototype.trim': [ '1.2.10' ],
30 silly audit   'string.prototype.trimend': [ '1.0.9' ],
30 silly audit   'string.prototype.trimstart': [ '1.0.8' ],
30 silly audit   'stringify-object': [ '5.0.0' ],
30 silly audit   'strip-bom': [ '3.0.0' ],
30 silly audit   'strip-json-comments': [ '3.1.1' ],
30 silly audit   'styled-jsx': [ '5.1.6' ],
30 silly audit   'supports-color': [ '7.2.0' ],
30 silly audit   'supports-preserve-symlinks-flag': [ '1.0.0' ],
30 silly audit   'tagged-tag': [ '1.0.0' ],
30 silly audit   'tailwind-merge': [ '3.5.0' ],
30 silly audit   tailwindcss: [ '4.2.1' ],
30 silly audit   'tailwindcss-animate': [ '1.0.7' ],
30 silly audit   tapable: [ '2.3.0' ],
30 silly audit   'tiny-invariant': [ '1.3.3' ],
30 silly audit   tinyexec: [ '1.0.2' ],
30 silly audit   tinyglobby: [ '0.2.15' ],
30 silly audit   tldts: [ '7.0.23' ],
30 silly audit   'tldts-core': [ '7.0.23' ],
30 silly audit   'to-regex-range': [ '5.0.1' ],
30 silly audit   toidentifier: [ '1.0.1' ],
30 silly audit   'tough-cookie': [ '6.0.0' ],
30 silly audit   'ts-api-utils': [ '2.4.0' ],
30 silly audit   'ts-morph': [ '26.0.0' ],
30 silly audit   tslib: [ '2.8.1' ],
30 silly audit   'tw-animate-css': [ '1.4.0' ],
30 silly audit   'type-check': [ '0.4.0' ],
30 silly audit   'type-fest': [ '5.4.4' ],
30 silly audit   'type-is': [ '2.0.1' ],
30 silly audit   'typed-array-buffer': [ '1.0.3' ],
30 silly audit   'typed-array-byte-length': [ '1.0.3' ],
30 silly audit   'typed-array-byte-offset': [ '1.0.4' ],
30 silly audit   'typed-array-length': [ '1.0.7' ],
30 silly audit   typescript: [ '5.9.3' ],
30 silly audit   'typescript-eslint': [ '8.56.1' ],
30 silly audit   'unbox-primitive': [ '1.1.0' ],
30 silly audit   'undici-types': [ '6.21.0' ],
30 silly audit   'unicorn-magic': [ '0.3.0' ],
30 silly audit   universalify: [ '2.0.1' ],
30 silly audit   unpipe: [ '1.0.0' ],
30 silly audit   'unrs-resolver': [ '1.11.1' ],
30 silly audit   'until-async': [ '3.0.2' ],
30 silly audit   'update-browserslist-db': [ '1.2.3' ],
30 silly audit   'uri-js': [ '4.4.1' ],
30 silly audit   'use-callback-ref': [ '1.3.3' ],
30 silly audit   'use-intl': [ '4.8.3' ],
30 silly audit   'use-sidecar': [ '1.1.3' ],
30 silly audit   'use-sync-external-store': [ '1.6.0' ],
30 silly audit   'util-deprecate': [ '1.0.2' ],
30 silly audit   'validate-npm-package-name': [ '7.0.2' ],
30 silly audit   vary: [ '1.1.2' ],
30 silly audit   'victory-vendor': [ '37.3.6' ],
30 silly audit   'web-streams-polyfill': [ '3.3.3' ],
30 silly audit   'which-boxed-primitive': [ '1.1.1' ],
30 silly audit   'which-builtin-type': [ '1.2.1' ],
30 silly audit   'which-collection': [ '1.0.2' ],
30 silly audit   'which-typed-array': [ '1.1.20' ],
30 silly audit   'word-wrap': [ '1.2.5' ],
30 silly audit   wrappy: [ '1.0.2' ],
30 silly audit   'wsl-utils': [ '0.3.1' ],
30 silly audit   y18n: [ '5.0.8' ],
30 silly audit   yallist: [ '3.1.1' ],
30 silly audit   yargs: [ '17.7.2' ],
30 silly audit   'yargs-parser': [ '21.1.1' ],
30 silly audit   'yocto-queue': [ '0.1.0' ],
30 silly audit   yoctocolors: [ '2.1.2' ],
30 silly audit   'yoctocolors-cjs': [ '2.1.3' ],
30 silly audit   'zod-to-json-schema': [ '3.25.1' ],
30 silly audit   'zod-validation-error': [ '4.0.2' ],
30 silly audit   lamejs: [ '1.2.1' ],
30 silly audit   'use-strict': [ '1.0.1' ]
30 silly audit }
31 http cache use-strict@https://registry.npmjs.org/use-strict/-/use-strict-1.0.1.tgz 0ms (cache hit)
32 http cache lamejs@https://registry.npmjs.org/lamejs/-/lamejs-1.2.1.tgz 0ms (cache hit)
33 silly tarball no local data for use-strict@https://registry.npmjs.org/use-strict/-/use-strict-1.0.1.tgz. Extracting by manifest.
34 silly tarball no local data for lamejs@https://registry.npmjs.org/lamejs/-/lamejs-1.2.1.tgz. Extracting by manifest.
35 http fetch POST 200 https://registry.npmjs.org/-/npm/v1/security/advisories/bulk 251ms
36 silly audit report {
36 silly audit report   picomatch: [
36 silly audit report     {
36 silly audit report       id: 1115549,
36 silly audit report       url: 'https://github.com/advisories/GHSA-3v7f-55p6-f55p',
36 silly audit report       title: 'Picomatch: Method Injection in POSIX Character Classes causes incorrect Glob Matching',
36 silly audit report       severity: 'moderate',
36 silly audit report       vulnerable_versions: '<2.3.2',
36 silly audit report       cwe: [Array],
36 silly audit report       cvss: [Object]
36 silly audit report     },
36 silly audit report     {
36 silly audit report       id: 1115551,
36 silly audit report       url: 'https://github.com/advisories/GHSA-3v7f-55p6-f55p',
36 silly audit report       title: 'Picomatch: Method Injection in POSIX Character Classes causes incorrect Glob Matching',
36 silly audit report       severity: 'moderate',
36 silly audit report       vulnerable_versions: '>=4.0.0 <4.0.4',
36 silly audit report       cwe: [Array],
36 silly audit report       cvss: [Object]
36 silly audit report     },
36 silly audit report     {
36 silly audit report       id: 1115552,
36 silly audit report       url: 'https://github.com/advisories/GHSA-c2c7-rcm5-vvqj',
36 silly audit report       title: 'Picomatch has a ReDoS vulnerability via extglob quantifiers',
36 silly audit report       severity: 'high',
36 silly audit report       vulnerable_versions: '<2.3.2',
36 silly audit report       cwe: [Array],
36 silly audit report       cvss: [Object]
36 silly audit report     },
36 silly audit report     {
36 silly audit report       id: 1115554,
36 silly audit report       url: 'https://github.com/advisories/GHSA-c2c7-rcm5-vvqj',
36 silly audit report       title: 'Picomatch has a ReDoS vulnerability via extglob quantifiers',
36 silly audit report       severity: 'high',
36 silly audit report       vulnerable_versions: '>=4.0.0 <4.0.4',
36 silly audit report       cwe: [Array],
36 silly audit report       cvss: [Object]
36 silly audit report     }
36 silly audit report   ],
36 silly audit report   '@hono/node-server': [
36 silly audit report     {
36 silly audit report       id: 1114170,
36 silly audit report       url: 'https://github.com/advisories/GHSA-wc8c-qw6v-h7f6',
36 silly audit report       title: '@hono/node-server has authorization bypass for protected static paths via encoded slashes in Serve Static Middleware',
36 silly audit report       severity: 'high',
36 silly audit report       vulnerable_versions: '<1.19.10',
36 silly audit report       cwe: [Array],
36 silly audit report       cvss: [Object]
36 silly audit report     },
36 silly audit report     {
36 silly audit report       id: 1116281,
36 silly audit report       url: 'https://github.com/advisories/GHSA-92pp-h63x-v22m',
36 silly audit report       title: '@hono/node-server: Middleware bypass via repeated slashes in serveStatic',
36 silly audit report       severity: 'moderate',
36 silly audit report       vulnerable_versions: '<1.19.13',
36 silly audit report       cwe: [Array],
36 silly audit report       cvss: [Object]
36 silly audit report     }
36 silly audit report   ],
36 silly audit report   'brace-expansion': [
36 silly audit report     {
36 silly audit report       id: 1115540,
36 silly audit report       url: 'https://github.com/advisories/GHSA-f886-m6hf-6m8v',
36 silly audit report       title: 'brace-expansion: Zero-step sequence causes process hang and memory exhaustion',
36 silly audit report       severity: 'moderate',
36 silly audit report       vulnerable_versions: '<1.1.13',
36 silly audit report       cwe: [Array],
36 silly audit report       cvss: [Object]
36 silly audit report     },
36 silly audit report     {
36 silly audit report       id: 1115543,
36 silly audit report       url: 'https://github.com/advisories/GHSA-f886-m6hf-6m8v',
36 silly audit report       title: 'brace-expansion: Zero-step sequence causes process hang and memory exhaustion',
36 silly audit report       severity: 'moderate',
36 silly audit report       vulnerable_versions: '>=4.0.0 <5.0.5',
36 silly audit report       cwe: [Array],
36 silly audit report       cvss: [Object]
36 silly audit report     }
36 silly audit report   ],
36 silly audit report   axios: [
36 silly audit report     {
36 silly audit report       id: 1116673,
36 silly audit report       url: 'https://github.com/advisories/GHSA-3p68-rc4w-qgx5',
36 silly audit report       title: 'Axios has a NO_PROXY Hostname Normalization Bypass that Leads to SSRF',
36 silly audit report       severity: 'moderate',
36 silly audit report       vulnerable_versions: '>=1.0.0 <1.15.0',
36 silly audit report       cwe: [Array],
36 silly audit report       cvss: [Object]
36 silly audit report     },
36 silly audit report     {
36 silly audit report       id: 1116675,
36 silly audit report       url: 'https://github.com/advisories/GHSA-fvcv-3m26-pcqx',
36 silly audit report       title: 'Axios has Unrestricted Cloud Metadata Exfiltration via Header Injection Chain',
36 silly audit report       severity: 'moderate',
36 silly audit report       vulnerable_versions: '>=1.0.0 <1.15.0',
36 silly audit report       cwe: [Array],
36 silly audit report       cvss: [Object]
36 silly audit report     }
36 silly audit report   ],
36 silly audit report   'express-rate-limit': [
36 silly audit report     {
36 silly audit report       id: 1114194,
36 silly audit report       url: 'https://github.com/advisories/GHSA-46wh-pxpv-q5gq',
36 silly audit report       title: 'express-rate-limit: IPv4-mapped IPv6 addresses bypass per-client rate limiting on servers with dual-stack network',
36 silly audit report       severity: 'high',
36 silly audit report       vulnerable_versions: '>=8.2.0 <8.2.2',
36 silly audit report       cwe: [Array],
36 silly audit report       cvss: [Object]
36 silly audit report     }
36 silly audit report   ],
36 silly audit report   flatted: [
36 silly audit report     {
36 silly audit report       id: 1114526,
36 silly audit report       url: 'https://github.com/advisories/GHSA-25h7-pfq9-p65f',
36 silly audit report       title: 'flatted vulnerable to unbounded recursion DoS in parse() revive phase',
36 silly audit report       severity: 'high',
36 silly audit report       vulnerable_versions: '<3.4.0',
36 silly audit report       cwe: [Array],
36 silly audit report       cvss: [Object]
36 silly audit report     },
36 silly audit report     {
36 silly audit report       id: 1115357,
36 silly audit report       url: 'https://github.com/advisories/GHSA-rf6f-7fwh-wjgh',
36 silly audit report       title: 'Prototype Pollution via parse() in NodeJS flatted',
36 silly audit report       severity: 'high',
36 silly audit report       vulnerable_versions: '<=3.4.1',
36 silly audit report       cwe: [Array],
36 silly audit report       cvss: [Object]
36 silly audit report     }
36 silly audit report   ],
36 silly audit report   'follow-redirects': [
36 silly audit report     {
36 silly audit report       id: 1116560,
36 silly audit report       url: 'https://github.com/advisories/GHSA-r4q5-vmmm-2653',
36 silly audit report       title: 'follow-redirects leaks Custom Authentication Headers to Cross-Domain Redirect Targets',
36 silly audit report       severity: 'moderate',
36 silly audit report       vulnerable_versions: '<=1.15.11',
36 silly audit report       cwe: [Array],
36 silly audit report       cvss: [Object]
36 silly audit report     }
36 silly audit report   ],
36 silly audit report   hono: [
36 silly audit report     {
36 silly audit report       id: 1114004,
36 silly audit report       url: 'https://github.com/advisories/GHSA-5pq2-9x2x-5p6w',
36 silly audit report       title: 'Hono Vulnerable to Cookie Attribute Injection via Unsanitized domain and path in setCookie()',
36 silly audit report       severity: 'moderate',
36 silly audit report       vulnerable_versions: '<4.12.4',
36 silly audit report       cwe: [Array],
36 silly audit report       cvss: [Object]
36 silly audit report     },
36 silly audit report     {
36 silly audit report       id: 1114005,
36 silly audit report       url: 'https://github.com/advisories/GHSA-p6xx-57qc-3wxr',
36 silly audit report       title: 'Hono Vulnerable to SSE Control Field Injection via CR/LF in writeSSE()',
36 silly audit report       severity: 'moderate',
36 silly audit report       vulnerable_versions: '<4.12.4',
36 silly audit report       cwe: [Array],
36 silly audit report       cvss: [Object]
36 silly audit report     },
36 silly audit report     {
36 silly audit report       id: 1114006,
36 silly audit report       url: 'https://github.com/advisories/GHSA-q5qw-h33p-qvwr',
36 silly audit report       title: 'Hono vulnerable to arbitrary file access via serveStatic vulnerability ',
36 silly audit report       severity: 'high',
36 silly audit report       vulnerable_versions: '<4.12.4',
36 silly audit report       cwe: [Array],
36 silly audit report       cvss: [Object]
36 silly audit report     },
36 silly audit report     {
36 silly audit report       id: 1114341,
36 silly audit report       url: 'https://github.com/advisories/GHSA-v8w9-8mx6-g223',
36 silly audit report       title: 'Hono vulnerable to Prototype Pollution possible through __proto__ key allowed in parseBody({ dot: true })',
36 silly audit report       severity: 'moderate',
36 silly audit report       vulnerable_versions: '<4.12.7',
36 silly audit report       cwe: [Array],
36 silly audit report       cvss: [Object]
36 silly audit report     },
36 silly audit report     {
36 silly audit report       id: 1116244,
36 silly audit report       url: 'https://github.com/advisories/GHSA-26pp-8wgv-hjvm',
36 silly audit report       title: 'Hono missing validation of cookie name on write path in setCookie()',
36 silly audit report       severity: 'moderate',
36 silly audit report       vulnerable_versions: '<4.12.12',
36 silly audit report       cwe: [Array],
36 silly audit report       cvss: [Object]
36 silly audit report     },
36 silly audit report     {
36 silly audit report       id: 1116277,
36 silly audit report       url: 'https://github.com/advisories/GHSA-r5rp-j6wh-rvv4',
36 silly audit report       title: 'Hono: Non-breaking space prefix bypass in cookie name handling in getCookie()',
36 silly audit report       severity: 'moderate',
36 silly audit report       vulnerable_versions: '<4.12.12',
36 silly audit report       cwe: [Array],
36 silly audit report       cvss: [Object]
36 silly audit report     },
36 silly audit report     {
36 silly audit report       id: 1116278,
36 silly audit report       url: 'https://github.com/advisories/GHSA-xpcf-pg52-r92g',
36 silly audit report       title: 'Hono has incorrect IP matching in ipRestriction() for IPv4-mapped IPv6 addresses',
36 silly audit report       severity: 'moderate',
36 silly audit report       vulnerable_versions: '<4.12.12',
36 silly audit report       cwe: [Array],
36 silly audit report       cvss: [Object]
36 silly audit report     },
36 silly audit report     {
36 silly audit report       id: 1116279,
36 silly audit report       url: 'https://github.com/advisories/GHSA-xf4j-xp2r-rqqx',
36 silly audit report       title: 'Hono: Path traversal in toSSG() allows writing files outside the output directory',
36 silly audit report       severity: 'moderate',
36 silly audit report       vulnerable_versions: '>=4.0.0 <=4.12.11',
36 silly audit report       cwe: [Array],
36 silly audit report       cvss: [Object]
36 silly audit report     },
36 silly audit report     {
36 silly audit report       id: 1116280,
36 silly audit report       url: 'https://github.com/advisories/GHSA-wmmm-f939-6g9c',
36 silly audit report       title: 'Hono: Middleware bypass via repeated slashes in serveStatic',
36 silly audit report       severity: 'moderate',
36 silly audit report       vulnerable_versions: '<4.12.12',
36 silly audit report       cwe: [Array],
36 silly audit report       cvss: [Object]
36 silly audit report     },
36 silly audit report     {
36 silly audit report       id: 1116669,
36 silly audit report       url: 'https://github.com/advisories/GHSA-458j-xx4x-4375',
36 silly audit report       title: 'hono Improperly Handles JSX Attribute Names Allows HTML Injection in hono/jsx SSR',
36 silly audit report       severity: 'moderate',
36 silly audit report       vulnerable_versions: '<4.12.14',
36 silly audit report       cwe: [Array],
36 silly audit report       cvss: [Object]
36 silly audit report     }
36 silly audit report   ],
36 silly audit report   next: [
36 silly audit report     {
36 silly audit report       id: 1114898,
36 silly audit report       url: 'https://github.com/advisories/GHSA-ggv3-7p47-pfv8',
36 silly audit report       title: 'Next.js: HTTP request smuggling in rewrites',
36 silly audit report       severity: 'moderate',
36 silly audit report       vulnerable_versions: '>=16.0.0-beta.0 <16.1.7',
36 silly audit report       cwe: [Array],
36 silly audit report       cvss: [Object]
36 silly audit report     },
36 silly audit report     {
36 silly audit report       id: 1114941,
36 silly audit report       url: 'https://github.com/advisories/GHSA-3x4c-7xq6-9pq8',
36 silly audit report       title: 'Next.js: Unbounded next/image disk cache growth can exhaust storage',
36 silly audit report       severity: 'moderate',
36 silly audit report       vulnerable_versions: '>=16.0.0-beta.0 <16.1.7',
36 silly audit report       cwe: [Array],
36 silly audit report       cvss: [Object]
36 silly audit report     },
36 silly audit report     {
36 silly audit report       id: 1114942,
36 silly audit report       url: 'https://github.com/advisories/GHSA-h27x-g6w4-24gq',
36 silly audit report       title: 'Next.js: Unbounded postponed resume buffering can lead to DoS',
36 silly audit report       severity: 'moderate',
36 silly audit report       vulnerable_versions: '>=16.0.1 <16.1.7',
36 silly audit report       cwe: [Array],
36 silly audit report       cvss: [Object]
36 silly audit report     },
36 silly audit report     {
36 silly audit report       id: 1114943,
36 silly audit report       url: 'https://github.com/advisories/GHSA-mq59-m269-xvcx',
36 silly audit report       title: 'Next.js: null origin can bypass Server Actions CSRF checks',
36 silly audit report       severity: 'moderate',
36 silly audit report       vulnerable_versions: '>=16.0.1 <16.1.7',
36 silly audit report       cwe: [Array],
36 silly audit report       cvss: [Object]
36 silly audit report     },
36 silly audit report     {
36 silly audit report       id: 1115360,
36 silly audit report       url: 'https://github.com/advisories/GHSA-jcc7-9wpm-mj36',
36 silly audit report       title: 'Next.js: null origin can bypass dev HMR websocket CSRF checks',
36 silly audit report       severity: 'low',
36 silly audit report       vulnerable_versions: '>=16.0.1 <16.1.7',
36 silly audit report       cwe: [Array],
36 silly audit report       cvss: [Object]
36 silly audit report     },
36 silly audit report     {
36 silly audit report       id: 1116375,
36 silly audit report       url: 'https://github.com/advisories/GHSA-q4gf-8mx6-v5v3',
36 silly audit report       title: 'Next.js has a Denial of Service with Server Components',
36 silly audit report       severity: 'high',
36 silly audit report       vulnerable_versions: '>=16.0.0-beta.0 <16.2.3',
36 silly audit report       cwe: [Array],
36 silly audit report       cvss: [Object]
36 silly audit report     }
36 silly audit report   ],
36 silly audit report   'next-intl': [
36 silly audit report     {
36 silly audit report       id: 1116611,
36 silly audit report       url: 'https://github.com/advisories/GHSA-8f24-v5vv-gm5j',
36 silly audit report       title: 'next-intl has an open redirect vulnerability',
36 silly audit report       severity: 'moderate',
36 silly audit report       vulnerable_versions: '<4.9.1',
36 silly audit report       cwe: [Array],
36 silly audit report       cvss: [Object]
36 silly audit report     }
36 silly audit report   ],
36 silly audit report   'path-to-regexp': [
36 silly audit report     {
36 silly audit report       id: 1115573,
36 silly audit report       url: 'https://github.com/advisories/GHSA-j3q9-mxjg-w52f',
36 silly audit report       title: 'path-to-regexp vulnerable to Denial of Service via sequential optional groups',
36 silly audit report       severity: 'high',
36 silly audit report       vulnerable_versions: '>=8.0.0 <8.4.0',
36 silly audit report       cwe: [Array],
36 silly audit report       cvss: [Object]
36 silly audit report     },
36 silly audit report     {
36 silly audit report       id: 1115582,
36 silly audit report       url: 'https://github.com/advisories/GHSA-27v5-c462-wpq7',
36 silly audit report       title: 'path-to-regexp vulnerable to Regular Expression Denial of Service via multiple wildcards',
36 silly audit report       severity: 'moderate',
36 silly audit report       vulnerable_versions: '>=8.0.0 <8.4.0',
36 silly audit report       cwe: [Array],
36 silly audit report       cvss: [Object]
36 silly audit report     }
36 silly audit report   ]
36 silly audit report }
37 silly packumentCache corgi:https://registry.npmjs.org/picomatch cache-miss
38 silly packumentCache corgi:https://registry.npmjs.org/@hono%2fnode-server cache-miss
39 silly packumentCache corgi:https://registry.npmjs.org/brace-expansion cache-miss
40 silly packumentCache corgi:https://registry.npmjs.org/axios cache-miss
41 silly packumentCache corgi:https://registry.npmjs.org/express-rate-limit cache-miss
42 silly packumentCache corgi:https://registry.npmjs.org/flatted cache-miss
43 silly packumentCache corgi:https://registry.npmjs.org/follow-redirects cache-miss
44 silly packumentCache corgi:https://registry.npmjs.org/hono cache-miss
45 silly packumentCache corgi:https://registry.npmjs.org/next cache-miss
46 silly packumentCache corgi:https://registry.npmjs.org/next-intl cache-miss
47 silly packumentCache corgi:https://registry.npmjs.org/path-to-regexp cache-miss
48 http fetch GET 200 https://registry.npmjs.org/use-strict/-/use-strict-1.0.1.tgz 320ms (cache miss)
49 http fetch GET 200 https://registry.npmjs.org/picomatch 86ms (cache miss)
50 silly packumentCache corgi:https://registry.npmjs.org/picomatch set size:undefined disposed:false
51 http fetch GET 200 https://registry.npmjs.org/brace-expansion 335ms (cache miss)
52 silly packumentCache corgi:https://registry.npmjs.org/brace-expansion set size:undefined disposed:false
53 http fetch GET 200 https://registry.npmjs.org/flatted 340ms (cache miss)
54 silly packumentCache corgi:https://registry.npmjs.org/flatted set size:undefined disposed:false
55 http fetch GET 200 https://registry.npmjs.org/path-to-regexp 341ms (cache miss)
56 silly packumentCache corgi:https://registry.npmjs.org/path-to-regexp set size:undefined disposed:false
57 http fetch GET 200 https://registry.npmjs.org/follow-redirects 348ms (cache miss)
58 silly packumentCache corgi:https://registry.npmjs.org/follow-redirects set size:undefined disposed:false
59 http fetch GET 200 https://registry.npmjs.org/axios 359ms (cache miss)
60 silly packumentCache corgi:https://registry.npmjs.org/axios set size:undefined disposed:false
61 http fetch GET 200 https://registry.npmjs.org/express-rate-limit 369ms (cache miss)
62 silly packumentCache corgi:https://registry.npmjs.org/express-rate-limit set size:undefined disposed:false
63 http fetch GET 200 https://registry.npmjs.org/next-intl 384ms (cache miss)
64 silly packumentCache corgi:https://registry.npmjs.org/next-intl set size:undefined disposed:false
65 http fetch GET 200 https://registry.npmjs.org/hono 564ms (cache miss)
66 silly packumentCache corgi:https://registry.npmjs.org/hono set size:undefined disposed:false
67 http fetch GET 200 https://registry.npmjs.org/lamejs/-/lamejs-1.2.1.tgz 975ms (cache miss)
68 http fetch GET 200 https://registry.npmjs.org/@hono%2fnode-server 1028ms (cache miss)
69 silly packumentCache corgi:https://registry.npmjs.org/@hono%2fnode-server set size:undefined disposed:false
70 http fetch GET 200 https://registry.npmjs.org/next 1037ms (cache miss)
71 silly packumentCache corgi:https://registry.npmjs.org/next set size:undefined disposed:false
72 silly packumentCache corgi:https://registry.npmjs.org/micromatch cache-miss
73 http fetch GET 200 https://registry.npmjs.org/micromatch 94ms (cache miss)
74 silly packumentCache corgi:https://registry.npmjs.org/micromatch set size:undefined disposed:false
75 silly packumentCache corgi:https://registry.npmjs.org/@dotenvx%2fdotenvx cache-miss
76 silly packumentCache corgi:https://registry.npmjs.org/fdir cache-miss
77 silly packumentCache corgi:https://registry.npmjs.org/@parcel%2fwatcher cache-miss
78 silly packumentCache corgi:https://registry.npmjs.org/tinyglobby cache-miss
79 http fetch GET 200 https://registry.npmjs.org/tinyglobby 84ms (cache miss)
80 silly packumentCache corgi:https://registry.npmjs.org/tinyglobby set size:undefined disposed:false
81 http fetch GET 200 https://registry.npmjs.org/fdir 160ms (cache miss)
82 silly packumentCache corgi:https://registry.npmjs.org/fdir set size:undefined disposed:false
83 http fetch GET 200 https://registry.npmjs.org/@parcel%2fwatcher 162ms (cache miss)
84 silly packumentCache corgi:https://registry.npmjs.org/@parcel%2fwatcher set size:undefined disposed:false
85 http fetch GET 200 https://registry.npmjs.org/@dotenvx%2fdotenvx 1141ms (cache miss)
86 silly packumentCache corgi:https://registry.npmjs.org/@dotenvx%2fdotenvx set size:undefined disposed:false
87 silly packumentCache corgi:https://registry.npmjs.org/@modelcontextprotocol%2fsdk cache-miss
88 http fetch GET 200 https://registry.npmjs.org/@modelcontextprotocol%2fsdk 103ms (cache miss)
89 silly packumentCache corgi:https://registry.npmjs.org/@modelcontextprotocol%2fsdk set size:undefined disposed:false
90 silly packumentCache corgi:https://registry.npmjs.org/minimatch cache-miss
91 http fetch GET 200 https://registry.npmjs.org/minimatch 112ms (cache miss)
92 silly packumentCache corgi:https://registry.npmjs.org/minimatch set size:undefined disposed:false
93 silly packumentCache corgi:https://registry.npmjs.org/flat-cache cache-miss
94 http fetch GET 200 https://registry.npmjs.org/flat-cache 95ms (cache miss)
95 silly packumentCache corgi:https://registry.npmjs.org/flat-cache set size:undefined disposed:false
96 silly packumentCache corgi:https://registry.npmjs.org/router cache-miss
97 http fetch GET 200 https://registry.npmjs.org/router 104ms (cache miss)
98 silly packumentCache corgi:https://registry.npmjs.org/router set size:undefined disposed:false
99 silly ADD node_modules/use-strict
100 silly ADD node_modules/lamejs
101 verbose cwd C:\Users\Abdurahmon\learning-management
102 verbose os Windows_NT 10.0.26200
103 verbose node v24.13.1
104 verbose npm  v11.8.0
105 verbose exit 0
106 info ok
